{
  message: 'Database connected successfully',
  level: 'info',
  service: 'user-service',
  label: '!😎😎!',
  timestamp: '2024-09-17T17:39:22.683Z'
}
{
  message: 'Our Application listening on port 5000',
  level: 'info',
  service: 'user-service',
  label: '!😎😎!',
  timestamp: '2024-09-17T17:39:22.690Z'
}
{
  message: 'Database connected successfully',
  level: 'info',
  service: 'user-service',
  label: '!😎😎!',
  timestamp: '2024-09-17T17:43:52.370Z'
}
{
  message: 'Our Application listening on port 5000',
  level: 'info',
  service: 'user-service',
  label: '!😎😎!',
  timestamp: '2024-09-17T17:43:52.378Z'
}
{
  message: 'Database connected successfully',
  level: 'info',
  service: 'user-service',
  label: '!😎😎!',
  timestamp: '2024-09-17T17:44:47.826Z'
}
{
  message: 'Our Application listening on port 5000',
  level: 'info',
  service: 'user-service',
  label: '!😎😎!',
  timestamp: '2024-09-17T17:44:47.837Z'
}
{
  message: 'Database connected successfully',
  level: 'info',
  service: 'user-service',
  label: '!😎😎!',
  timestamp: '2024-09-17T17:46:44.706Z'
}
{
  message: 'Our Application listening on port 5000',
  level: 'info',
  service: 'user-service',
  label: '!😎😎!',
  timestamp: '2024-09-17T17:46:44.724Z'
}
{
  message: 'Database connected successfully',
  level: 'info',
  service: 'user-service',
  label: '!😎😎!',
  timestamp: '2024-09-17T17:49:28.160Z'
}
{
  message: 'Our Application listening on port 5000',
  level: 'info',
  service: 'user-service',
  label: '!😎😎!',
  timestamp: '2024-09-17T17:49:28.177Z'
}
{
  message: 'Database connected successfully',
  level: 'info',
  service: 'user-service',
  label: '!😎😎!',
  timestamp: '2024-09-17T17:59:31.091Z'
}
{
  message: 'Our Application listening on port 5000',
  level: 'info',
  service: 'user-service',
  label: '!😎😎!',
  timestamp: '2024-09-17T17:59:31.105Z'
}
