{
  message: 'Database connected successfully',
  level: 'info',
  label: '!😎😎!',
  timestamp: '2024-09-23T17:03:08.584Z'
}
{
  message: 'Our Application listening on port 5000',
  level: 'info',
  label: '!😎😎!',
  timestamp: '2024-09-23T17:03:08.605Z'
}
{
  message: 'Database connected successfully',
  level: 'info',
  label: '!😎😎!',
  timestamp: '2024-09-23T17:06:32.522Z'
}
{
  message: 'Our Application listening on port 5000',
  level: 'info',
  label: '!😎😎!',
  timestamp: '2024-09-23T17:06:32.532Z'
}
{
  message: 'Database connected successfully',
  level: 'info',
  label: '!😎😎!',
  timestamp: '2024-09-23T17:09:07.314Z'
}
{
  message: 'Our Application listening on port 5000',
  level: 'info',
  label: '!😎😎!',
  timestamp: '2024-09-23T17:09:07.325Z'
}
{
  message: 'Database connected successfully',
  level: 'info',
  label: '!😎😎!',
  timestamp: '2024-09-23T17:09:41.690Z'
}
{
  message: 'Our Application listening on port 5000',
  level: 'info',
  label: '!😎😎!',
  timestamp: '2024-09-23T17:09:41.697Z'
}
