{
  message: 'Database connected successfully',
  level: 'info',
  label: '!😎😎!',
  timestamp: '2024-09-22T16:03:52.278Z'
}
{
  message: 'Our Application listening on port 5000',
  level: 'info',
  label: '!😎😎!',
  timestamp: '2024-09-22T16:03:52.287Z'
}
{
  message: 'Database connected successfully',
  level: 'info',
  label: '!😎😎!',
  timestamp: '2024-09-22T16:04:42.136Z'
}
{
  message: 'Our Application listening on port 5000',
  level: 'info',
  label: '!😎😎!',
  timestamp: '2024-09-22T16:04:42.144Z'
}
{
  message: 'Database connected successfully',
  level: 'info',
  label: '!😎😎!',
  timestamp: '2024-09-22T16:05:30.138Z'
}
{
  message: 'Our Application listening on port 5000',
  level: 'info',
  label: '!😎😎!',
  timestamp: '2024-09-22T16:05:30.146Z'
}
{
  message: 'Database connected successfully',
  level: 'info',
  label: '!😎😎!',
  timestamp: '2024-09-22T16:06:03.154Z'
}
{
  message: 'Our Application listening on port 5000',
  level: 'info',
  label: '!😎😎!',
  timestamp: '2024-09-22T16:06:03.166Z'
}
