{
  message: 'Database connected successfully',
  level: 'info',
  label: '!😎😎!',
  timestamp: '2024-09-29T13:29:26.232Z'
}
{
  message: 'Our Application listening on port 5000',
  level: 'info',
  label: '!😎😎!',
  timestamp: '2024-09-29T13:29:26.238Z'
}
{
  message: 'Database connected successfully',
  level: 'info',
  label: '!😎😎!',
  timestamp: '2024-09-29T13:29:35.472Z'
}
{
  message: 'Our Application listening on port 5000',
  level: 'info',
  label: '!😎😎!',
  timestamp: '2024-09-29T13:29:35.482Z'
}
{
  message: 'Database connected successfully',
  level: 'info',
  label: '!😎😎!',
  timestamp: '2024-09-29T13:30:31.338Z'
}
{
  message: 'Our Application listening on port 5000',
  level: 'info',
  label: '!😎😎!',
  timestamp: '2024-09-29T13:30:31.343Z'
}
{
  message: 'Database connected successfully',
  level: 'info',
  label: '!😎😎!',
  timestamp: '2024-09-29T13:51:07.153Z'
}
{
  message: 'Our Application listening on port 5000',
  level: 'info',
  label: '!😎😎!',
  timestamp: '2024-09-29T13:51:07.159Z'
}
