{
  message: 'Database connected successfully',
  level: 'info',
  service: 'user-service',
  label: '!😎😎!',
  timestamp: '2024-09-16T09:17:14.583Z'
}
{
  message: 'Our Application listening on port 5000',
  level: 'info',
  service: 'user-service',
  label: '!😎😎!',
  timestamp: '2024-09-16T09:17:14.594Z'
}
{
  message: 'Database connected successfully',
  level: 'info',
  service: 'user-service',
  label: '!😎😎!',
  timestamp: '2024-09-16T09:18:40.545Z'
}
{
  message: 'Our Application listening on port 5000',
  level: 'info',
  service: 'user-service',
  label: '!😎😎!',
  timestamp: '2024-09-16T09:18:40.555Z'
}
{
  message: 'Database connected successfully',
  level: 'info',
  service: 'user-service',
  label: '!😎😎!',
  timestamp: '2024-09-16T09:19:26.692Z'
}
{
  message: 'Our Application listening on port 5000',
  level: 'info',
  service: 'user-service',
  label: '!😎😎!',
  timestamp: '2024-09-16T09:19:26.699Z'
}
{
  message: 'Database connected successfully',
  level: 'info',
  service: 'user-service',
  label: '!😎😎!',
  timestamp: '2024-09-16T09:20:55.803Z'
}
{
  message: 'Our Application listening on port 5000',
  level: 'info',
  service: 'user-service',
  label: '!😎😎!',
  timestamp: '2024-09-16T09:20:55.817Z'
}
{
  message: 'Database connected successfully',
  level: 'info',
  service: 'user-service',
  label: '!😎😎!',
  timestamp: '2024-09-16T09:24:38.113Z'
}
{
  message: 'Our Application listening on port 5000',
  level: 'info',
  service: 'user-service',
  label: '!😎😎!',
  timestamp: '2024-09-16T09:24:38.120Z'
}
{
  message: 'Database connected successfully',
  level: 'info',
  service: 'user-service',
  label: '!😎😎!',
  timestamp: '2024-09-16T09:29:06.979Z'
}
{
  message: 'Our Application listening on port 5000',
  level: 'info',
  service: 'user-service',
  label: '!😎😎!',
  timestamp: '2024-09-16T09:29:06.992Z'
}
{
  message: 'Database connected successfully',
  level: 'info',
  service: 'user-service',
  label: '!😎😎!',
  timestamp: '2024-09-16T09:31:27.753Z'
}
{
  message: 'Our Application listening on port 5000',
  level: 'info',
  service: 'user-service',
  label: '!😎😎!',
  timestamp: '2024-09-16T09:31:27.767Z'
}
{
  message: 'Database connected successfully',
  level: 'info',
  service: 'user-service',
  label: '!😎😎!',
  timestamp: '2024-09-16T09:33:12.750Z'
}
{
  message: 'Our Application listening on port 5000',
  level: 'info',
  service: 'user-service',
  label: '!😎😎!',
  timestamp: '2024-09-16T09:33:12.766Z'
}
{
  message: 'Database connected successfully',
  level: 'info',
  service: 'user-service',
  label: '!😎😎!',
  timestamp: '2024-09-16T09:43:53.451Z'
}
{
  message: 'Our Application listening on port 5000',
  level: 'info',
  service: 'user-service',
  label: '!😎😎!',
  timestamp: '2024-09-16T09:43:53.467Z'
}
{
  message: 'Database connected successfully',
  level: 'info',
  service: 'user-service',
  label: '!😎😎!',
  timestamp: '2024-09-16T09:45:29.059Z'
}
{
  message: 'Our Application listening on port 5000',
  level: 'info',
  service: 'user-service',
  label: '!😎😎!',
  timestamp: '2024-09-16T09:45:29.068Z'
}
{
  message: 'Database connected successfully',
  level: 'info',
  service: 'user-service',
  label: '!😎😎!',
  timestamp: '2024-09-16T09:51:04.551Z'
}
{
  message: 'Our Application listening on port 5000',
  level: 'info',
  service: 'user-service',
  label: '!😎😎!',
  timestamp: '2024-09-16T09:51:04.567Z'
}
{
  message: 'Database connected successfully',
  level: 'info',
  service: 'user-service',
  label: '!😎😎!',
  timestamp: '2024-09-16T09:51:13.731Z'
}
{
  message: 'Our Application listening on port 5000',
  level: 'info',
  service: 'user-service',
  label: '!😎😎!',
  timestamp: '2024-09-16T09:51:13.742Z'
}
{
  message: 'Database connected successfully',
  level: 'info',
  service: 'user-service',
  label: '!😎😎!',
  timestamp: '2024-09-16T09:53:02.647Z'
}
{
  message: 'Our Application listening on port 5000',
  level: 'info',
  service: 'user-service',
  label: '!😎😎!',
  timestamp: '2024-09-16T09:53:02.655Z'
}
{
  message: 'Database connected successfully',
  level: 'info',
  service: 'user-service',
  label: '!😎😎!',
  timestamp: '2024-09-16T09:58:41.841Z'
}
{
  message: 'Our Application listening on port 5000',
  level: 'info',
  service: 'user-service',
  label: '!😎😎!',
  timestamp: '2024-09-16T09:58:41.850Z'
}
{
  message: 'Database connected successfully',
  level: 'info',
  service: 'user-service',
  label: '!😎😎!',
  timestamp: '2024-09-16T09:59:57.866Z'
}
{
  message: 'Our Application listening on port 5000',
  level: 'info',
  service: 'user-service',
  label: '!😎😎!',
  timestamp: '2024-09-16T09:59:57.876Z'
}
